============================= test session starts ==============================
platform darwin -- Python 3.12.7, pytest-9.0.3, pluggy-1.6.0
rootdir: /Volumes/External SSD/optimizer
configfile: pyproject.toml
testpaths: tests
plugins: cov-5.0.0, asyncio-1.3.0, hypothesis-6.152.4, anyio-4.13.0
asyncio: mode=Mode.STRICT, debug=False, asyncio_default_fixture_loop_scope=None, asyncio_default_test_loop_scope=function
collected 2016 items

tests/cli/test_assemble_regime_data.py .............                     [  0%]
tests/cli/test_currency_normalization.py ............................... [  2%]
..                                                                       [  2%]
tests/cli/test_data_assembly_core.py ................................... [  4%]
............                                                             [  4%]
tests/cli/test_data_assembly_dedup.py ..................                 [  5%]
tests/cli/test_data_assembly_region_hash.py .....................        [  6%]
tests/cli/test_portfolio.py ........................................     [  8%]
tests/cluster/test_factory.py .....................                      [  9%]
tests/distance/test_factory.py .............................             [ 11%]
tests/factors/test_alpha.py .................                            [ 11%]
tests/factors/test_config.py ........................................... [ 13%]
...........................                                              [ 15%]
tests/factors/test_construction.py ..................................... [ 17%]
.......                                                                  [ 17%]
tests/factors/test_diagnostics.py ...............................        [ 19%]
tests/factors/test_factor_coverage.py ................                   [ 19%]
tests/factors/test_forward_return_boundary.py ...........                [ 20%]
tests/factors/test_integration.py ................................       [ 21%]
tests/factors/test_mimicking.py ..................................       [ 23%]
tests/factors/test_ml_scoring.py ................................        [ 25%]
tests/factors/test_oos_validation.py ........................            [ 26%]
tests/factors/test_pit_history.py ............                           [ 27%]
tests/factors/test_quintile.py ........................                  [ 28%]
tests/factors/test_regime.py ........................................... [ 30%]
.                                                                        [ 30%]
tests/factors/test_scoring.py .......................................... [ 32%]
......................                                                   [ 33%]
tests/factors/test_selection.py .......................                  [ 34%]
tests/factors/test_standardization.py .................................. [ 36%]
...............                                                          [ 37%]
tests/factors/test_validation.py ....................................... [ 39%]
......................................                                   [ 40%]
tests/fx/test_converter.py ...............                               [ 41%]
tests/fx/test_decomposition.py ......                                    [ 42%]
tests/fx/test_pipeline_fx_integration.py ..................              [ 42%]
tests/fx/test_rates.py ...................                               [ 43%]
tests/linear_model/test_factory.py .............                         [ 44%]
tests/moments/test_config.py ..........                                  [ 44%]
tests/moments/test_factory.py .........................................  [ 47%]
tests/moments/test_partial_fit.py .....                                  [ 47%]
tests/moments/test_scaling.py .................................          [ 48%]
tests/moments/test_variance.py .............                             [ 49%]
tests/online/test_online_predict_matches_loop.py .....                   [ 49%]
tests/online/test_partial_fit_smoke.py ..                                [ 49%]
tests/online/test_pipeline_rejected.py .....                             [ 50%]
tests/optimization/test_benchmark_tracker.py .................           [ 50%]
tests/optimization/test_config.py ....................                   [ 51%]
tests/optimization/test_dr_cvar.py ................                      [ 52%]
tests/optimization/test_factory.py ..................................... [ 54%]
.                                                                        [ 54%]
tests/optimization/test_herc.py ...............                          [ 55%]
tests/optimization/test_hrp.py ......................                    [ 56%]
tests/optimization/test_max_diversification.py ................          [ 57%]
tests/optimization/test_naive.py ........................                [ 58%]
tests/optimization/test_nco.py .................                         [ 59%]
tests/optimization/test_regime_blended_mean_risk.py .........            [ 59%]
tests/optimization/test_risk_budgeting.py ....................           [ 60%]
tests/optimization/test_robust.py ................                       [ 61%]
tests/optimization/test_schur.py ......................                  [ 62%]
tests/optimization/test_stacking.py .................                    [ 63%]
tests/pipeline/test_builder.py ........                                  [ 63%]
tests/pipeline/test_delisting_integration.py ......                      [ 64%]
tests/pipeline/test_orchestrator.py .................................... [ 65%]
.......................                                                  [ 67%]
tests/pre_selection/test_pipeline.py ................................... [ 68%]
.....                                                                    [ 69%]
tests/preprocessing/test_cs_reexports.py .....                           [ 69%]
tests/preprocessing/test_cs_transformers.py ......................       [ 70%]
tests/preprocessing/test_delisting.py .....                              [ 70%]
tests/preprocessing/test_imputation.py .............                     [ 71%]
tests/preprocessing/test_outliers.py .............                       [ 71%]
tests/preprocessing/test_regression_imputer.py .......................   [ 73%]
tests/preprocessing/test_validation.py ...........                       [ 73%]
tests/rebalancing/test_config.py ........................                [ 74%]
tests/rebalancing/test_rebalancer.py .............................       [ 76%]
tests/research/test_load_data_integration.py ..........                  [ 76%]
tests/research/test_preflight.py ..................                      [ 77%]
tests/research/test_preprocessing.py .............                       [ 78%]
tests/research/test_screen_investable.py ..........                      [ 78%]
tests/scheduler/test_fetch_walk_forward_smoke.py .................       [ 79%]
tests/scheduler/test_smoke_workflow.py ............................      [ 81%]
tests/scoring/test_config.py ..........                                  [ 81%]
tests/scoring/test_factory.py .......                                    [ 81%]
tests/scoring/test_information_ratio.py .................                [ 82%]
tests/synthetic/test_config.py .......................                   [ 83%]
tests/synthetic/test_factory.py ...........................              [ 85%]
tests/test_properties.py ........                                        [ 85%]
tests/test_risk_free_rate.py .........                                   [ 86%]
tests/tuning/test_config.py ........                                     [ 86%]
tests/tuning/test_factory.py .....                                       [ 86%]
tests/uncertainty_set/test_factory.py ............................       [ 88%]
tests/uncertainty_set/test_robust_integration.py ....                    [ 88%]
tests/universe/test_config.py ...............                            [ 89%]
tests/universe/test_factory.py ...                                       [ 89%]
tests/universe/test_screener.py ...............................          [ 90%]
tests/validation/test_config.py ...............                          [ 91%]
tests/validation/test_factory.py ....................                    [ 92%]
tests/validation/test_forecast.py .....                                  [ 92%]
tests/validation/test_metadata_routing.py ...............                [ 93%]
tests/validation/test_online_forecast.py ....                            [ 93%]
tests/validation/test_regime_validation.py ............................. [ 95%]
...                                                                      [ 95%]
tests/views/test_config.py ............................                  [ 96%]
tests/views/test_factory.py ............................................ [ 98%]
...X....                                                                 [ 99%]
tests/views/test_uncertainty.py ................                         [100%]

=============================== warnings summary ===============================
tests/cli/test_assemble_regime_data.py::TestFfillLimitRespected::test_value_beyond_limit_becomes_nan
  /Volumes/External SSD/optimizer/tests/cli/test_assemble_regime_data.py:58: UserWarning: Regime data column 'pmi' has 46 trailing NaN rows after forward-filling (fill_limit=45). Last valid observation: 2024-01-01. Regime classification may fall back to UNKNOWN for recent dates.
    result = assemble_regime_data(_empty_macro(), fred, te_obs, fill_limit=45)

tests/cli/test_assemble_regime_data.py::TestIndexValidationAndCoercion::test_unconvertible_index_raises_value_error
  /Volumes/External SSD/optimizer/tests/cli/test_assemble_regime_data.py:249: UserWarning: Part 1 has a Index index; attempting coercion to DatetimeIndex.
    assemble_regime_data(_empty_macro(), fred, te_bad, fill_limit=45)

tests/cli/test_assemble_regime_data.py::TestIndexValidationAndCoercion::test_unconvertible_index_raises_value_error
  /Volumes/External SSD/optimizer/cli/data_assembly.py:1672: UserWarning: Could not infer format, so each element will be parsed individually, falling back to `dateutil`. To ensure parsing is consistent and as-expected, please specify a format.
    parts[i] = p.set_index(pd.to_datetime(p.index))

tests/factors/test_factor_coverage.py::TestBuildFactorScoresHistoryExceptionHandling::test_logger_warning_emitted_on_date_failure
  /Volumes/External SSD/optimizer/tests/factors/test_factor_coverage.py:189: UserWarning: fundamental_history is None — using snapshot fundamentals for all rebalancing dates.  This may introduce look-ahead bias into factor scores computed before snapshot data was available.
    result = build_factor_scores_history(

tests/factors/test_factor_coverage.py::TestBuildFactorScoresHistoryExceptionHandling::test_coverage_error_raised_when_all_fail
  /Volumes/External SSD/optimizer/tests/factors/test_factor_coverage.py:226: UserWarning: fundamental_history is None — using snapshot fundamentals for all rebalancing dates.  This may introduce look-ahead bias into factor scores computed before snapshot data was available.
    build_factor_scores_history(

tests/factors/test_factor_coverage.py::TestBuildFactorScoresHistoryExceptionHandling::test_no_coverage_error_when_enough_succeed
  /Volumes/External SSD/optimizer/tests/factors/test_factor_coverage.py:265: UserWarning: fundamental_history is None — using snapshot fundamentals for all rebalancing dates.  This may introduce look-ahead bias into factor scores computed before snapshot data was available.
    result = build_factor_scores_history(

tests/factors/test_factor_coverage.py::TestBuildFactorScoresHistoryExceptionHandling::test_health_returned_as_third_element
  /Volumes/External SSD/optimizer/tests/factors/test_factor_coverage.py:290: UserWarning: fundamental_history is None — using snapshot fundamentals for all rebalancing dates.  This may introduce look-ahead bias into factor scores computed before snapshot data was available.
    result = build_factor_scores_history(

tests/factors/test_factor_coverage.py::TestBuildFactorScoresHistoryExceptionHandling::test_custom_min_success_fraction
  /Volumes/External SSD/optimizer/tests/factors/test_factor_coverage.py:337: UserWarning: fundamental_history is None — using snapshot fundamentals for all rebalancing dates.  This may introduce look-ahead bias into factor scores computed before snapshot data was available.
    build_factor_scores_history(

tests/factors/test_scoring.py::TestICFallbackStrategy::test_ic_raise_fallback
  /Volumes/External SSD/optimizer/tests/factors/test_scoring.py:880: UserWarning: All 6/6 factor groups have non-positive IC; falling back to 'raise' strategy. Consider increasing ic_lookback or checking factor data quality.
    compute_ic_weighted_composite(group_scores, ic_history, config)

tests/factors/test_scoring.py::TestICFallbackStrategy::test_icir_raise_fallback
  /Volumes/External SSD/optimizer/tests/factors/test_scoring.py:894: UserWarning: All 6/6 factor groups have non-positive ICIR; falling back to 'raise' strategy. Consider increasing ic_lookback or checking factor data quality.
    compute_icir_weighted_composite(group_scores, ic_per_group, config)

tests/moments/test_factory.py::TestIntegration::test_adaptive_prior_fit
tests/moments/test_factory.py::TestIntegration::test_adaptive_prior_fit
  /Users/silviobaratto/anaconda3/lib/python3.12/site-packages/skfolio/utils/tools.py:1029: FutureWarning: The 'alpha' parameter is deprecated and will be removed in a future version. Use 'half_life' instead. Conversion: half_life = -ln(2) / ln(1 - alpha).
    return method_caller(X, y, **routed, **extra_params)

tests/optimization/test_regime_blended_mean_risk.py::TestEntropyPoolingViewConflictRaises::test_extreme_mean_view_raises
  /Users/silviobaratto/anaconda3/lib/python3.12/site-packages/skfolio/prior/_entropy_pooling.py:1081: RuntimeWarning: overflow encountered in exp
    z = self._prior_sample_weight * np.exp(-a @ x - 1)

tests/synthetic/test_factory.py::TestIntegration::test_stress_test_fit_produces_moments
tests/synthetic/test_factory.py::TestIntegration::test_stressed_covariance_differs_from_unconditional
  /Users/silviobaratto/anaconda3/lib/python3.12/site-packages/skfolio/distribution/multivariate/_vine_copula.py:568: UserWarning: When performing conditional sampling, it is recommended to set conditioning assets as central during Vine Copula construction. The following conditioning assets were not set as central: {0}. This can be achieved by using the `central_assets` parameter.
    self._init_conditioning(n_samples=n_samples, conditioning=conditioning)

tests/validation/test_metadata_routing.py::TestBenchmarkYRouting::test_run_cross_val_completes
tests/validation/test_metadata_routing.py::TestBenchmarkYRouting::test_run_cross_val_completes
tests/validation/test_metadata_routing.py::TestBenchmarkYRouting::test_correct_number_of_folds
tests/validation/test_metadata_routing.py::TestBenchmarkYRouting::test_correct_number_of_folds
tests/validation/test_metadata_routing.py::TestBenchmarkYRouting::test_fold_date_ranges_are_non_overlapping
tests/validation/test_metadata_routing.py::TestBenchmarkYRouting::test_fold_date_ranges_are_non_overlapping
tests/validation/test_metadata_routing.py::TestBenchmarkYRouting::test_weights_sum_to_one_per_fold
tests/validation/test_metadata_routing.py::TestBenchmarkYRouting::test_weights_sum_to_one_per_fold
  /Users/silviobaratto/anaconda3/lib/python3.12/site-packages/skfolio/moments/covariance/_base.py:362: UserWarning: The covariance matrix is not positive definite. The Clipping algorithm will be used to find the nearest positive definite covariance.
    covariance = cov_nearest(

-- Docs: https://docs.pytest.org/en/stable/how-to/capture-warnings.html
================ 2015 passed, 1 xpassed, 23 warnings in 27.24s =================
